// Jest Snapshot v1, https://goo.gl/fbAQLP

exports[`js2Lua should convert array to indexed keys with square brackets 1`] = `
"
{
	[1]=
	{
		["id"]=21,
		["name"]="Australia"
	},
	[2]=
	{
		["id"]=15,
		["name"]="Israel"
	}
}"
`;

exports[`js2Lua should convert object keys to int where number is prefixed with _ 1`] = `
"
{
	[1]=1,
	[2]=1,
	[3]=1,
	["name"]="Enfield11",
	["_ignoreme"]="hello"
}"
`;

exports[`js2Lua should convert objects to key with square brackets 1`] = `
"
{
	["x"]=-291014,
	["y"]=617414
}"
`;

exports[`js2Lua should convert objects to key with square brackets 2`] = `
"
{
	["id"]=21,
	["name"]="Australia",
	["luaScript"]="-- This is a script you can put in a mission\\n\\n-- Limits that encompass the entire green area in the mission editor\\nlocal minY = -600000\\nlocal maxY = 1200000\\nlocal minX = -700000\\nlocal maxX = 400000\\n-- Data is sampled every 50km\\nlocal step = 50000\\n\\nfor xCoord = minX, maxX, step do\\n local row = {}\\n local rowString = \\"{\\"\\n for yCoord = minY, maxY, step do\\n local convLat, convLon = coord.LOtoLL({x = xCoord, y = 0, z = yCoord})\\n local lookupPoint = {{yCoord, xCoord}, {convLat, convLon}}\\n rowString = rowString .. string.format(\\"{{%f,%f},{%f,%f}},\\", yCoord, xCoord, convLat, convLon)\\n end\\n rowString = rowString .. \\"},\\\\n\\"\\n env.info(rowString)\\nend"
}"
`;

exports[`js2Lua should convert objects with length property 1`] = `
"
{
	["x"]=-291014,
	["y"]=617414,
	["length"]=0
}"
`;
