// Jest Snapshot v1, https://goo.gl/fbAQLP

exports[`given a simple empty mission should build a mission file 1`] = `
[
  [
    "options",
    "options = 
{
	["playerName"]="New callsign",
	["miscellaneous"]=
	{
	},
	["difficulty"]=
	{
	},
	["VR"]=
	{
	},
	["graphics"]=
	{
	},
	["plugins"]=
	{
	},
	["format"]=1,
	["sound"]=
	{
	},
	["views"]=
	{
	}
}",
  ],
  [
    "l10n/DEFAULT/mapResource",
    "mapResource = 
{
}",
  ],
  [
    "warehouses",
    "warehouses = 
{
	["airports"]=
	{
	},
	["warehouses"]=
	{
	}
}",
  ],
  [
    "theatre",
    "Caucasus",
  ],
  [
    "mission",
    "mission = 
{
	["requiredModules"]=
	{
	},
	["date"]=
	{
		["Year"]=2016,
		["Day"]=21,
		["Month"]=6
	},
	["start_time"]=28800,
	["sortie"]="DictKey_sortie_4",
	["descriptionText"]="DictKey_descriptionText_0",
	["pictureFileNameB"]=
	{
	},
	["descriptionBlueTask"]="DictKey_descriptionBlueTask_2",
	["pictureFileNameN"]=
	{
	},
	["descriptionNeutralsTask"]="DictKey_descriptionNeutralsTask_3",
	["pictureFileNameR"]=
	{
	},
	["descriptionRedTask"]="DictKey_descriptionRedTask_1",
	["theatre"]="Caucasus",
	["failures"]=
	{
	},
	["currentKey"]=1,
	["maxDictId"]=0,
	["weather"]=
	{
		["atmosphere_type"]=0,
		["wind"]=
		{
			["at8000"]=
			{
				["speed"]=0,
				["dir"]=0
			},
			["atGround"]=
			{
				["speed"]=0,
				["dir"]=0
			},
			["at2000"]=
			{
				["speed"]=0,
				["dir"]=0
			}
		},
		["enable_fog"]=false,
		["visibility"]=
		{
			["distance"]=80000
		},
		["halo"]=
		{
			["preset"]="auto"
		},
		["fog"]=
		{
			["thickness"]=0,
			["visibility"]=0
		},
		["season"]=
		{
			["temperature"]=20
		},
		["type_weather"]=0,
		["qnh"]=760,
		["cyclones"]=
		{
		},
		["name"]="Winter, clean sky",
		["dust_density"]=0,
		["modifiedTime"]=false,
		["groundTurbulence"]=0,
		["enable_dust"]=false,
		["clouds"]=
		{
			["thickness"]=200,
			["density"]=0,
			["preset"]="Preset2",
			["base"]=2500,
			["iprecptns"]=0
		}
	},
	["result"]=
	{
		["total"]=0,
		["offline"]=
		{
			["conditions"]=
			{
			},
			["actions"]=
			{
			},
			["func"]=
			{
			}
		},
		["blue"]=
		{
			["conditions"]=
			{
			},
			["actions"]=
			{
			},
			["func"]=
			{
			}
		},
		["red"]=
		{
			["conditions"]=
			{
			},
			["actions"]=
			{
			},
			["func"]=
			{
			}
		}
	},
	["groundControl"]=
	{
		["isPilotControlVehicles"]=false,
		["passwords"]=
		{
			["artillery_commander"]=
			{
			},
			["instructor"]=
			{
			},
			["forward_observer"]=
			{
			},
			["observer"]=
			{
			}
		},
		["roles"]=
		{
			["artillery_commander"]=
			{
				["blue"]=0,
				["neutrals"]=0,
				["red"]=0
			},
			["instructor"]=
			{
				["blue"]=0,
				["neutrals"]=0,
				["red"]=0
			},
			["forward_observer"]=
			{
				["blue"]=0,
				["neutrals"]=0,
				["red"]=0
			},
			["observer"]=
			{
				["blue"]=0,
				["neutrals"]=0,
				["red"]=0
			}
		}
	},
	["map"]=
	{
		["centerY"]=618000,
		["zoom"]=1000000,
		["centerX"]=-355000
	},
	["coalitions"]=
	{
		["blue"]=
		{
		},
		["neutrals"]=
		{
		},
		["red"]=
		{
		}
	},
	["triggers"]=
	{
		["zones"]=
		{
		}
	},
	["version"]=1,
	["goals"]=
	{
	},
	["coalition"]=
	{
		["blue"]=
		{
			["bullseye"]=
			{
				["y"]=0,
				["x"]=0
			},
			["nav_points"]=
			{
			},
			["name"]="blue",
			["country"]=
			{
			}
		},
		["neutrals"]=
		{
			["bullseye"]=
			{
				["y"]=0,
				["x"]=0
			},
			["nav_points"]=
			{
			},
			["name"]="neutrals",
			["country"]=
			{
			}
		},
		["red"]=
		{
			["bullseye"]=
			{
				["y"]=0,
				["x"]=0
			},
			["nav_points"]=
			{
			},
			["name"]="red",
			["country"]=
			{
			}
		}
	},
	["trigrules"]=
	{
	},
	["forcedOptions"]=
	{
	},
	["trig"]=
	{
		["custom"]=
		{
		},
		["customStartup"]=
		{
		},
		["events"]=
		{
		},
		["func"]=
		{
		},
		["flag"]=
		{
		},
		["conditions"]=
		{
		},
		["actions"]=
		{
		},
		["funcStartup"]=
		{
		}
	}
}",
  ],
  [
    "l10n/DEFAULT/dictionary",
    "dictionary = 
{
}",
  ],
]
`;
